Archive member included to satisfy reference by file (symbol)

e:/imt/arm imt tools/02-arm/03- imt sdk/imt_sdk_win_64/winarm/armgcc/bin/../lib/gcc/arm-none-eabi/7.2.1/../../../../arm-none-eabi/lib/thumb/v7e-m\libg_nano.a(lib_a-errno.o)
                              ./system/src/newlib/_sbrk.o (__errno)
e:/imt/arm imt tools/02-arm/03- imt sdk/imt_sdk_win_64/winarm/armgcc/bin/../lib/gcc/arm-none-eabi/7.2.1/../../../../arm-none-eabi/lib/thumb/v7e-m\libg_nano.a(lib_a-impure.o)
                              e:/imt/arm imt tools/02-arm/03- imt sdk/imt_sdk_win_64/winarm/armgcc/bin/../lib/gcc/arm-none-eabi/7.2.1/../../../../arm-none-eabi/lib/thumb/v7e-m\libg_nano.a(lib_a-errno.o) (_impure_ptr)
e:/imt/arm imt tools/02-arm/03- imt sdk/imt_sdk_win_64/winarm/armgcc/bin/../lib/gcc/arm-none-eabi/7.2.1/../../../../arm-none-eabi/lib/thumb/v7e-m\libg_nano.a(lib_a-strlen.o)
                              ./system/src/diag/Trace.o (strlen)
e:/imt/arm imt tools/02-arm/03- imt sdk/imt_sdk_win_64/winarm/armgcc/bin/../lib/gcc/arm-none-eabi/7.2.1/../../../../arm-none-eabi/lib/thumb/v7e-m\libg_nano.a(lib_a-vsnprintf.o)
                              ./system/src/diag/Trace.o (vsnprintf)
e:/imt/arm imt tools/02-arm/03- imt sdk/imt_sdk_win_64/winarm/armgcc/bin/../lib/gcc/arm-none-eabi/7.2.1/../../../../arm-none-eabi/lib/thumb/v7e-m\libg_nano.a(lib_a-nano-svfprintf.o)
                              e:/imt/arm imt tools/02-arm/03- imt sdk/imt_sdk_win_64/winarm/armgcc/bin/../lib/gcc/arm-none-eabi/7.2.1/../../../../arm-none-eabi/lib/thumb/v7e-m\libg_nano.a(lib_a-vsnprintf.o) (_svfprintf_r)
e:/imt/arm imt tools/02-arm/03- imt sdk/imt_sdk_win_64/winarm/armgcc/bin/../lib/gcc/arm-none-eabi/7.2.1/../../../../arm-none-eabi/lib/thumb/v7e-m\libg_nano.a(lib_a-nano-vfprintf_i.o)
                              e:/imt/arm imt tools/02-arm/03- imt sdk/imt_sdk_win_64/winarm/armgcc/bin/../lib/gcc/arm-none-eabi/7.2.1/../../../../arm-none-eabi/lib/thumb/v7e-m\libg_nano.a(lib_a-nano-svfprintf.o) (_printf_i)
e:/imt/arm imt tools/02-arm/03- imt sdk/imt_sdk_win_64/winarm/armgcc/bin/../lib/gcc/arm-none-eabi/7.2.1/../../../../arm-none-eabi/lib/thumb/v7e-m\libg_nano.a(lib_a-memchr.o)
                              e:/imt/arm imt tools/02-arm/03- imt sdk/imt_sdk_win_64/winarm/armgcc/bin/../lib/gcc/arm-none-eabi/7.2.1/../../../../arm-none-eabi/lib/thumb/v7e-m\libg_nano.a(lib_a-nano-svfprintf.o) (memchr)
e:/imt/arm imt tools/02-arm/03- imt sdk/imt_sdk_win_64/winarm/armgcc/bin/../lib/gcc/arm-none-eabi/7.2.1/../../../../arm-none-eabi/lib/thumb/v7e-m\libg_nano.a(lib_a-memcpy-stub.o)
                              e:/imt/arm imt tools/02-arm/03- imt sdk/imt_sdk_win_64/winarm/armgcc/bin/../lib/gcc/arm-none-eabi/7.2.1/../../../../arm-none-eabi/lib/thumb/v7e-m\libg_nano.a(lib_a-nano-svfprintf.o) (memcpy)
e:/imt/arm imt tools/02-arm/03- imt sdk/imt_sdk_win_64/winarm/armgcc/bin/../lib/gcc/arm-none-eabi/7.2.1/../../../../arm-none-eabi/lib/thumb/v7e-m\libg_nano.a(lib_a-memmove.o)
                              e:/imt/arm imt tools/02-arm/03- imt sdk/imt_sdk_win_64/winarm/armgcc/bin/../lib/gcc/arm-none-eabi/7.2.1/../../../../arm-none-eabi/lib/thumb/v7e-m\libg_nano.a(lib_a-nano-svfprintf.o) (memmove)
e:/imt/arm imt tools/02-arm/03- imt sdk/imt_sdk_win_64/winarm/armgcc/bin/../lib/gcc/arm-none-eabi/7.2.1/../../../../arm-none-eabi/lib/thumb/v7e-m\libg_nano.a(lib_a-nano-freer.o)
                              e:/imt/arm imt tools/02-arm/03- imt sdk/imt_sdk_win_64/winarm/armgcc/bin/../lib/gcc/arm-none-eabi/7.2.1/../../../../arm-none-eabi/lib/thumb/v7e-m\libg_nano.a(lib_a-nano-svfprintf.o) (_free_r)
e:/imt/arm imt tools/02-arm/03- imt sdk/imt_sdk_win_64/winarm/armgcc/bin/../lib/gcc/arm-none-eabi/7.2.1/../../../../arm-none-eabi/lib/thumb/v7e-m\libg_nano.a(lib_a-nano-mallocr.o)
                              e:/imt/arm imt tools/02-arm/03- imt sdk/imt_sdk_win_64/winarm/armgcc/bin/../lib/gcc/arm-none-eabi/7.2.1/../../../../arm-none-eabi/lib/thumb/v7e-m\libg_nano.a(lib_a-nano-svfprintf.o) (_malloc_r)
e:/imt/arm imt tools/02-arm/03- imt sdk/imt_sdk_win_64/winarm/armgcc/bin/../lib/gcc/arm-none-eabi/7.2.1/../../../../arm-none-eabi/lib/thumb/v7e-m\libg_nano.a(lib_a-nano-reallocr.o)
                              e:/imt/arm imt tools/02-arm/03- imt sdk/imt_sdk_win_64/winarm/armgcc/bin/../lib/gcc/arm-none-eabi/7.2.1/../../../../arm-none-eabi/lib/thumb/v7e-m\libg_nano.a(lib_a-nano-svfprintf.o) (_realloc_r)
e:/imt/arm imt tools/02-arm/03- imt sdk/imt_sdk_win_64/winarm/armgcc/bin/../lib/gcc/arm-none-eabi/7.2.1/../../../../arm-none-eabi/lib/thumb/v7e-m\libg_nano.a(lib_a-sbrkr.o)
                              e:/imt/arm imt tools/02-arm/03- imt sdk/imt_sdk_win_64/winarm/armgcc/bin/../lib/gcc/arm-none-eabi/7.2.1/../../../../arm-none-eabi/lib/thumb/v7e-m\libg_nano.a(lib_a-nano-mallocr.o) (_sbrk_r)
e:/imt/arm imt tools/02-arm/03- imt sdk/imt_sdk_win_64/winarm/armgcc/bin/../lib/gcc/arm-none-eabi/7.2.1/../../../../arm-none-eabi/lib/thumb/v7e-m\libg_nano.a(lib_a-mlock.o)
[...]
Memory Configuration

Name             Origin             Length             Attributes
RAM              0x20000000         0x00010000         xrw
CCMRAM           0x10000000         0x00000000         xrw
FLASH            0x08000000         0x00040000         xr
FLASHB1          0x00000000         0x00000000         xr
EXTMEMB0         0x00000000         0x00000000         xr
EXTMEMB1         0x00000000         0x00000000         xr
EXTMEMB2         0x00000000         0x00000000         xr
EXTMEMB3         0x00000000         0x00000000         xr
*default*        0x00000000         0xffffffff

Linker script and memory map

LOAD ./system/src/stm32f4-hal/stm32f4xx_hal.o
LOAD ./system/src/stm32f4-hal/stm32f4xx_hal_cortex.o
LOAD ./system/src/stm32f4-hal/stm32f4xx_hal_dfsdm.o
LOAD ./system/src/stm32f4-hal/stm32f4xx_hal_flash.o
LOAD ./system/src/stm32f4-hal/stm32f4xx_hal_gpio.o
LOAD ./system/src/stm32f4-hal/stm32f4xx_hal_iwdg.o
LOAD ./system/src/stm32f4-hal/stm32f4xx_hal_pwr.o
LOAD ./system/src/stm32f4-hal/stm32f4xx_hal_rcc.o
LOAD ./system/src/newlib/_cxx.o
LOAD ./system/src/newlib/_exit.o
LOAD ./system/src/newlib/_sbrk.o
LOAD ./system/src/newlib/_startup.o
LOAD ./system/src/newlib/_syscalls.o
LOAD ./system/src/newlib/assert.o
LOAD ./system/src/diag/Trace.o
LOAD ./system/src/diag/trace_impl.o
LOAD ./system/src/cortexm/_initialize_hardware.o
LOAD ./system/src/cortexm/_reset_hardware.o
LOAD ./system/src/cortexm/exception_handlers.o
LOAD ./system/src/cmsis/system_stm32f4xx.o
LOAD ./system/src/cmsis/vectors_stm32f401xc.o
LOAD ./src/DAC_program.o
LOAD ./src/EXTI_program.o
LOAD ./src/GPIO_program.o
LOAD ./src/MRCC_program.o
LOAD ./src/NVIC_program.o
LOAD ./src/SPI_program.o
LOAD ./src/STP_program.o
LOAD ./src/SYSTICK_program.o
LOAD ./src/TFT_Prog.o
LOAD ./src/Timer2_program.o
LOAD ./src/Timer3_program.o
LOAD ./src/_initialize_hardware.o
LOAD ./src/_write.o
LOAD ./src/main.o
LOAD ./src/stm32f4xx_hal_msp.o
LOAD e:/imt/arm imt tools/02-arm/03- imt sdk/imt_sdk_win_64/winarm/armgcc/bin/../lib/gcc/arm-none-eabi/7.2.1/../../../../arm-none-eabi/lib/thumb/v7e-m\libstdc++_nano.a
LOAD e:/imt/arm imt tools/02-arm/03- imt sdk/imt_sdk_win_64/winarm/armgcc/bin/../lib/gcc/arm-none-eabi/7.2.1/../../../../arm-none-eabi/lib/thumb/v7e-m\libm.a
START GROUP
LOAD e:/imt/arm imt tools/02-arm/03- imt sdk/imt_sdk_win_64/winarm/armgcc/bin/../lib/gcc/arm-none-eabi/7.2.1/thumb/v7e-m\libgcc.a
LOAD e:/imt/arm imt tools/02-arm/03- imt sdk/imt_sdk_win_64/winarm/armgcc/bin/../lib/gcc/arm-none-eabi/7.2.1/../../../../arm-none-eabi/lib/thumb/v7e-m\libg_nano.a
LOAD e:/imt/arm imt tools/02-arm/03- imt sdk/imt_sdk_win_64/winarm/armgcc/bin/../lib/gcc/arm-none-eabi/7.2.1/../../../../arm-none-eabi/lib/thumb/v7e-m\libc_nano.a
END GROUP
START GROUP
LOAD e:/imt/arm imt tools/02-arm/03- imt sdk/imt_sdk_win_64/winarm/armgcc/bin/../lib/gcc/arm-none-eabi/7.2.1/thumb/v7e-m\libgcc.a
LOAD e:/imt/arm imt tools/02-arm/03- imt sdk/imt_sdk_win_64/winarm/armgcc/bin/../lib/gcc/arm-none-eabi/7.2.1/../../../../arm-none-eabi/lib/thumb/v7e-m\libc_nano.a
END GROUP
                0x20010000                __stack = (ORIGIN (RAM) + LENGTH (RAM))
                0x20010000                _estack = __stack
                0x00000400                __Main_Stack_Size = 0x400
                [!provide]                PROVIDE (_Main_Stack_Size, __Main_Stack_Size)
                0x2000fc00                __Main_Stack_Limit = (__stack - __Main_Stack_Size)
                [!provide]                PROVIDE (_Main_Stack_Limit, __Main_Stack_Limit)
                0x00000100                _Minimum_Stack_Size = 0x100
                0x2000018c                PROVIDE (_Heap_Begin, _end_noinit)
                0x2000fc00                PROVIDE (_Heap_Limit, (__stack - __Main_Stack_Size))

.isr_vector     0x08000000      0x3f4
 FILL mask 0xff
                0x08000000                __vectors_start = ABSOLUTE (.)
                0x08000000                __vectors_start__ = ABSOLUTE (.)
 *(.isr_vector)
 .isr_vector    0x08000000      0x194 ./system/src/cmsis/vectors_stm32f401xc.o
                0x08000000                __isr_vectors
 *(.cfmconfig)
 *(.after_vectors .after_vectors.*)
 .after_vectors
                0x08000194      0x130 ./system/src/newlib/_startup.o
                0x08000194                _start
 .after_vectors
                0x080002c4      0x12c ./system/src/cortexm/exception_handlers.o
                0x080002c4                Reset_Handler
                0x080002ca                NMI_Handler
                0x080002ce                HardFault_Handler
                0x080002e2                HardFault_Handler_C
                0x08000340                MemManage_Handler
                0x08000344                BusFault_Handler
                0x08000358                BusFault_Handler_C
                0x0800038c                UsageFault_Handler
                0x080003a0                UsageFault_Handler_C
                0x080003d4                SVC_Handler
                0x080003d8                DebugMon_Handler
                0x080003dc                PendSV_Handler
 .after_vectors
                0x080003f0        0x4 ./system/src/cmsis/vectors_stm32f401xc.o
                0x080003f0                RTC_Alarm_IRQHandler
                0x080003f0                EXTI2_IRQHandler
                0x080003f0                SPI4_IRQHandler
                0x080003f0                TIM1_CC_IRQHandler
                0x080003f0                DMA2_Stream5_IRQHandler
                0x080003f0                DMA1_Stream5_IRQHandler
                0x080003f0                PVD_IRQHandler
                0x080003f0                SDIO_IRQHandler
                0x080003f0                TAMP_STAMP_IRQHandler
                0x080003f0                EXTI3_IRQHandler
                0x080003f0                TIM1_UP_TIM10_IRQHandler
                0x080003f0                I2C3_ER_IRQHandler
                0x080003f0                I2C2_EV_IRQHandler
                0x080003f0                DMA1_Stream2_IRQHandler
                0x080003f0                FPU_IRQHandler
                0x080003f0                DMA2_Stream2_IRQHandler
                0x080003f0                SPI1_IRQHandler
                0x080003f0                TIM1_BRK_TIM9_IRQHandler
                0x080003f0                DMA2_Stream3_IRQHandler
                0x080003f0                USART6_IRQHandler
                0x080003f0                DMA2_Stream0_IRQHandler
                0x080003f0                TIM4_IRQHandler
                0x080003f0                I2C1_EV_IRQHandler
                0x080003f0                DMA1_Stream6_IRQHandler
                0x080003f0                DMA1_Stream1_IRQHandler
                0x080003f0                RCC_IRQHandler
                0x080003f0                Default_Handler
                0x080003f0                EXTI15_10_IRQHandler
                0x080003f0                ADC_IRQHandler
                0x080003f0                DMA1_Stream7_IRQHandler
                0x080003f0                TIM5_IRQHandler
                0x080003f0                DMA2_Stream7_IRQHandler
                0x080003f0                I2C3_EV_IRQHandler
                0x080003f0                EXTI9_5_IRQHandler
                0x080003f0                RTC_WKUP_IRQHandler
                0x080003f0                SPI2_IRQHandler
                0x080003f0                DMA1_Stream0_IRQHandler
                0x080003f0                EXTI4_IRQHandler
                0x080003f0                WWDG_IRQHandler
                0x080003f0                OTG_FS_WKUP_IRQHandler
                0x080003f0                TIM1_TRG_COM_TIM11_IRQHandler
                0x080003f0                USART2_IRQHandler
                0x080003f0                I2C2_ER_IRQHandler
                0x080003f0                DMA2_Stream1_IRQHandler
                0x080003f0                FLASH_IRQHandler
                0x080003f0                DMA2_Stream4_IRQHandler
                0x080003f0                USART1_IRQHandler
                0x080003f0                OTG_FS_IRQHandler
                0x080003f0                SPI3_IRQHandler
                0x080003f0                DMA1_Stream4_IRQHandler
                0x080003f0                I2C1_ER_IRQHandler
                0x080003f0                DMA2_Stream6_IRQHandler
                0x080003f0                DMA1_Stream3_IRQHandler

.inits          0x080003f4       0x28
                0x080003f4                __data_regions_array_start = .
                0x080003f4        0x4 LONG 0x802e048 LOADADDR (.data)
                0x080003f8        0x4 LONG 0x20000000 ADDR (.data)
                0x080003fc        0x4 LONG 0x2000007c (ADDR (.data) + SIZEOF (.data))
                0x08000400        0x4 LONG 0x802e048 LOADADDR (.data_CCMRAM)
                0x08000404        0x4 LONG 0x10000000 ADDR (.data_CCMRAM)
                0x08000408        0x4 LONG 0x10000000 (ADDR (.data_CCMRAM) + SIZEOF (.data_CCMRAM))
                0x0800040c                __data_regions_array_end = .
                0x0800040c                __bss_regions_array_start = .
                0x0800040c        0x4 LONG 0x2000007c ADDR (.bss)
                0x08000410        0x4 LONG 0x2000018c (ADDR (.bss) + SIZEOF (.bss))
                0x08000414        0x4 LONG 0x10000000 ADDR (.bss_CCMRAM)
                0x08000418        0x4 LONG 0x10000000 (ADDR (.bss_CCMRAM) + SIZEOF (.bss_CCMRAM))
                0x0800041c                __bss_regions_array_end = .
 *(.init)
 *(.fini)
                0x0800041c                . = ALIGN (0x4)
                0x0800041c                PROVIDE (__preinit_array_start, .)
 *(.preinit_array_sysinit .preinit_array_sysinit.*)
 *(.preinit_array_platform .preinit_array_platform.*)
 *(.preinit_array .preinit_array.*)
                0x0800041c                PROVIDE (__preinit_array_end, .)
                0x0800041c                . = ALIGN (0x4)
                0x0800041c                PROVIDE (__init_array_start, .)
 *(SORT_BY_NAME(.init_array.*))
 *(.init_array)
                0x0800041c                PROVIDE (__init_array_end, .)
                0x0800041c                . = ALIGN (0x4)
                0x0800041c                PROVIDE (__fini_array_start, .)
 *(SORT_BY_NAME(.fini_array.*))
 *(.fini_array)
                0x0800041c                PROVIDE (__fini_array_end, .)

.flashtext
 *(.flashtext .flashtext.*)

.text           0x08000420    0x2dc27
 *(.text .text.*)
 .text.HAL_InitTick
                0x08000420       0x2c ./system/src/stm32f4-hal/stm32f4xx_hal.o
                0x08000420                HAL_InitTick
 .text.HAL_Init
                0x0800044c       0x34 ./system/src/stm32f4-hal/stm32f4xx_hal.o
                0x0800044c                HAL_Init
 .text.HAL_GetTick
                0x08000480        0xc ./system/src/stm32f4-hal/stm32f4xx_hal.o
                0x08000480                HAL_GetTick
 .text.HAL_NVIC_SetPriorityGrouping
                0x0800048c       0x3c ./system/src/stm32f4-hal/stm32f4xx_hal_cortex.o
                0x0800048c                HAL_NVIC_SetPriorityGrouping
 .text.HAL_NVIC_SetPriority
                0x080004c8       0x8c ./system/src/stm32f4-hal/stm32f4xx_hal_cortex.o
                0x080004c8                HAL_NVIC_SetPriority
 .text.HAL_SYSTICK_Config
                0x08000554       0x2c ./system/src/stm32f4-hal/stm32f4xx_hal_cortex.o
                0x08000554                HAL_SYSTICK_Config
 .text.HAL_SYSTICK_CLKSourceConfig
                0x08000580       0x3c ./system/src/stm32f4-hal/stm32f4xx_hal_cortex.o
                0x08000580                HAL_SYSTICK_CLKSourceConfig
 .text.HAL_RCC_OscConfig
                0x080005bc      0x43c ./system/src/stm32f4-hal/stm32f4xx_hal_rcc.o
                0x080005bc                HAL_RCC_OscConfig
 .text.HAL_RCC_GetSysClockFreq
                0x080009f8       0x88 ./system/src/stm32f4-hal/stm32f4xx_hal_rcc.o
                0x080009f8                HAL_RCC_GetSysClockFreq
 .text.HAL_RCC_ClockConfig
                0x08000a80      0x258 ./system/src/stm32f4-hal/stm32f4xx_hal_rcc.o
                0x08000a80                HAL_RCC_ClockConfig
 .text.HAL_RCC_GetHCLKFreq
                0x08000cd8        0xc ./system/src/stm32f4-hal/stm32f4xx_hal_rcc.o
                0x08000cd8                HAL_RCC_GetHCLKFreq
 .text._exit    0x08000ce4        0x2 ./system/src/newlib/_exit.o
                0x08000ce4                _exit
 *fill*         0x08000ce6        0x2 
 .text.abort    0x08000ce8       0x14 ./system/src/newlib/_exit.o
                0x08000ce8                abort
 .text._sbrk    0x08000cfc       0x44 ./system/src/newlib/_sbrk.o
                0x08000cfc                _sbrk
 .text.__initialize_args
                0x08000d40       0x10 ./system/src/newlib/_syscalls.o
                0x08000d40                __initialize_args
 .text.assert_failed
                0x08000d50       0x14 ./system/src/newlib/assert.o
                0x08000d50                assert_failed
 .text.trace_printf
                0x08000d64       0x30 ./system/src/diag/Trace.o
                0x08000d64                trace_printf
 .text.trace_puts
                0x08000d94       0x20 ./system/src/diag/Trace.o
                0x08000d94                trace_puts
 .text._trace_write_semihosting_debug
                0x08000db4       0x60 ./system/src/diag/trace_impl.o
 .text.trace_write
                0x08000e14        0x8 ./system/src/diag/trace_impl.o
                0x08000e14                trace_write
 .text.__initialize_hardware_early
                0x08000e1c       0x18 ./system/src/cortexm/_initialize_hardware.o
                0x08000e1c                __initialize_hardware_early
 .text.dumpExceptionStack
                0x08000e34       0xf4 ./system/src/cortexm/exception_handlers.o
                0x08000e34                dumpExceptionStack
 .text.isSemihosting
                0x08000f28       0x20 ./system/src/cortexm/exception_handlers.o
                0x08000f28                isSemihosting
 .text.SystemInit
                0x08000f48       0x40 ./system/src/cmsis/system_stm32f4xx.o
                0x08000f48                SystemInit
 .text.SystemCoreClockUpdate
                0x08000f88       0x9c ./system/src/cmsis/system_stm32f4xx.o
                0x08000f88                SystemCoreClockUpdate
 .text.HR2RDAC_vInit
                0x08001024       0xb4 ./src/DAC_program.o
                0x08001024                HR2RDAC_vInit
 .text.HR2RDAC_vSetData
                0x080010d8       0x76 ./src/DAC_program.o
                0x080010d8                HR2RDAC_vSetData
 *fill*         0x0800114e        0x2 
 .text.MEXTI_voidInerruptSetPort
                0x08001150       0x34 ./src/EXTI_program.o
                0x08001150                MEXTI_voidInerruptSetPort
 .text.MEXTI_voidInterruptEnableDisable
                0x08001184       0x30 ./src/EXTI_program.o
                0x08001184                MEXTI_voidInterruptEnableDisable
 .text.MEXTI_voidInterruptTrigger
                0x080011b4       0x58 ./src/EXTI_program.o
                0x080011b4                MEXTI_voidInterruptTrigger
 .text.MEXTI0_voidCallBack
                0x0800120c        0xc ./src/EXTI_program.o
                0x0800120c                MEXTI0_voidCallBack
 .text.MEXTI1_voidCallBack
                0x08001218        0xc ./src/EXTI_program.o
                0x08001218                MEXTI1_voidCallBack
 .text.EXTI0_IRQHandler
                0x08001224       0x1c ./src/EXTI_program.o
                0x08001224                EXTI0_IRQHandler
 .text.EXTI1_IRQHandler
                0x08001240       0x1c ./src/EXTI_program.o
                0x08001240                EXTI1_IRQHandler
 .text.MGPIO_vSetMode
                0x0800125c       0x84 ./src/GPIO_program.o
                0x0800125c                MGPIO_vSetMode
 .text.MGPIO_vSetOutputMode
                0x080012e0       0xc0 ./src/GPIO_program.o
                0x080012e0                MGPIO_vSetOutputMode
 .text.MGPIO_vSetInputMode
                0x080013a0       0x84 ./src/GPIO_program.o
                0x080013a0                MGPIO_vSetInputMode
 .text.MGPIO_vWritePin
                0x08001424       0x78 ./src/GPIO_program.o
                0x08001424                MGPIO_vWritePin
 .text.MGPIO_vSetAlternativeMode
                0x0800149c       0xbc ./src/GPIO_program.o
                0x0800149c                MGPIO_vSetAlternativeMode
 .text.MRCC_vInt
                0x08001558       0x28 ./src/MRCC_program.o
                0x08001558                MRCC_vInt
 .text.MRCC_vEnable
                0x08001580       0x50 ./src/MRCC_program.o
                0x08001580                MRCC_vEnable
 .text.NVIC_vEnable
                0x080015d0       0x24 ./src/NVIC_program.o
                0x080015d0                NVIC_vEnable
 .text.NVIC_VoidSetInterruptGroupMode
                0x080015f4       0x24 ./src/NVIC_program.o
                0x080015f4                NVIC_VoidSetInterruptGroupMode
 .text.NVIC_VoidSetInterruptPriority
                0x08001618       0x80 ./src/NVIC_program.o
                0x08001618                NVIC_VoidSetInterruptPriority
 .text.SPI1_voidInit
                0x08001698       0x58 ./src/SPI_program.o
                0x08001698                SPI1_voidInit
 .text.SPI1_u16Transceive
                0x080016f0       0x24 ./src/SPI_program.o
                0x080016f0                SPI1_u16Transceive
 .text.S2P_vInit
                0x08001714       0x46 ./src/STP_program.o
                0x08001714                S2P_vInit
 .text.S2P_vSendPulse
                0x0800175a       0x24 ./src/STP_program.o
                0x0800175a                S2P_vSendPulse
 .text.S2P_vSendData
                0x0800177e       0x46 ./src/STP_program.o
                0x0800177e                S2P_vSendData
 .text.MSYSYTICK_voidInit
                0x080017c4       0x10 ./src/SYSTICK_program.o
                0x080017c4                MSYSYTICK_voidInit
 .text.MSYSYTICK_voidStart
                0x080017d4       0x18 ./src/SYSTICK_program.o
                0x080017d4                MSYSYTICK_voidStart
 .text.MSYSYTICK_voidReadFlag
                0x080017ec       0x10 ./src/SYSTICK_program.o
                0x080017ec                MSYSYTICK_voidReadFlag
 .text.MSYSYTICK_voidCtrlIntState
                0x080017fc       0x24 ./src/SYSTICK_program.o
                0x080017fc                MSYSYTICK_voidCtrlIntState
 .text.MSYSYTICK_voidDelayUs
                0x08001820       0x30 ./src/SYSTICK_program.o
                0x08001820                MSYSYTICK_voidDelayUs
 .text.SysTick_Handler
                0x08001850       0x24 ./src/SYSTICK_program.o
                0x08001850                SysTick_Handler
 .text.TFT_voidWriteData
                0x08001874       0x16 ./src/TFT_Prog.o
 .text.TFT_voidWriteCmnd
                0x0800188a       0x16 ./src/TFT_Prog.o
 .text.TFT_voidvInit
                0x080018a0       0x7c ./src/TFT_Prog.o
                0x080018a0                TFT_voidvInit
 .text.TFT_voidDisplay
                0x0800191c       0x70 ./src/TFT_Prog.o
                0x0800191c                TFT_voidDisplay
 .text.TIM2_voidInit
                0x0800198c       0x3a ./src/Timer2_program.o
                0x0800198c                TIM2_voidInit
 *fill*         0x080019c6        0x2 
 .text.TIM2_voidSetBusyWait
                0x080019c8       0x8c ./src/Timer2_program.o
                0x080019c8                TIM2_voidSetBusyWait
 .text.TIM2_IRQHandler
                0x08001a54       0xe0 ./src/Timer2_program.o
                0x08001a54                TIM2_IRQHandler
 .text.TIM3_voidInit
                0x08001b34       0x3c ./src/Timer3_program.o
                0x08001b34                TIM3_voidInit
 .text.TIM3_IRQHandler
                0x08001b70       0xd8 ./src/Timer3_program.o
                0x08001b70                TIM3_IRQHandler
 .text.SystemClock_Config
                0x08001c48       0x98 ./src/_initialize_hardware.o
                0x08001c48                SystemClock_Config
 .text.__initialize_hardware
                0x08001ce0       0x10 ./src/_initialize_hardware.o
                0x08001ce0                __initialize_hardware
 .text.EXTI1_Func
                0x08001cf0       0x14 ./src/main.o
                0x08001cf0                EXTI1_Func
 .text.EXTI0_Func
                0x08001d04       0x18 ./src/main.o
                0x08001d04                EXTI0_Func
 .text.ledmat_M
                0x08001d1c       0x66 ./src/main.o
                0x08001d1c                ledmat_M
 .text.ledmat_S
                0x08001d82       0x66 ./src/main.o
                0x08001d82                ledmat_S
 .text.main     0x08001de8      0x274 ./src/main.o
                0x08001de8                main
 .text.HAL_MspInit
                0x0800205c        0x2 ./src/stm32f4xx_hal_msp.o
                0x0800205c                HAL_MspInit
 *fill*         0x0800205e        0x2 
 .text.__errno  0x08002060        0xc e:/imt/arm imt tools/02-arm/03- imt sdk/imt_sdk_win_64/winarm/armgcc/bin/../lib/gcc/arm-none-eabi/7.2.1/../../../../arm-none-eabi/lib/thumb/v7e-m\libg_nano.a(lib_a-errno.o)
                0x08002060                __errno
 .text          0x0800206c       0x10 e:/imt/arm imt tools/02-arm/03- imt sdk/imt_sdk_win_64/winarm/armgcc/bin/../lib/gcc/arm-none-eabi/7.2.1/../../../../arm-none-eabi/lib/thumb/v7e-m\libg_nano.a(lib_a-strlen.o)
                0x0800206c                strlen
 .text._vsnprintf_r
                0x0800207c       0x58 e:/imt/arm imt tools/02-arm/03- imt sdk/imt_sdk_win_64/winarm/armgcc/bin/../lib/gcc/arm-none-eabi/7.2.1/../../../../arm-none-eabi/lib/thumb/v7e-m\libg_nano.a(lib_a-vsnprintf.o)
                0x0800207c                _vsniprintf_r
                0x0800207c                _vsnprintf_r
 .text.vsnprintf
                0x080020d4       0x1c e:/imt/arm imt tools/02-arm/03- imt sdk/imt_sdk_win_64/winarm/armgcc/bin/../lib/gcc/arm-none-eabi/7.2.1/../../../../arm-none-eabi/lib/thumb/v7e-m\libg_nano.a(lib_a-vsnprintf.o)
                0x080020d4                vsniprintf
                0x080020d4                vsnprintf
 .text.__ssputs_r
                0x080020f0       0xb4 e:/imt/arm imt tools/02-arm/03- imt sdk/imt_sdk_win_64/winarm/armgcc/bin/../lib/gcc/arm-none-eabi/7.2.1/../../../../arm-none-eabi/lib/thumb/v7e-m\libg_nano.a(lib_a-nano-svfprintf.o)
                0x080020f0                __ssputs_r
 .text._svfprintf_r
                0x080021a4      0x1ec e:/imt/arm imt tools/02-arm/03- imt sdk/imt_sdk_win_64/winarm/armgcc/bin/../lib/gcc/arm-none-eabi/7.2.1/../../../../arm-none-eabi/lib/thumb/v7e-m\libg_nano.a(lib_a-nano-svfprintf.o)
                0x080021a4                _svfiprintf_r
                0x080021a4                _svfprintf_r
 .text._printf_common
                0x08002390       0xea e:/imt/arm imt tools/02-arm/03- imt sdk/imt_sdk_win_64/winarm/armgcc/bin/../lib/gcc/arm-none-eabi/7.2.1/../../../../arm-none-eabi/lib/thumb/v7e-m\libg_nano.a(lib_a-nano-vfprintf_i.o)
                0x08002390                _printf_common
 *fill*         0x0800247a        0x2 
 .text._printf_i
                0x0800247c      0x224 e:/imt/arm imt tools/02-arm/03- imt sdk/imt_sdk_win_64/winarm/armgcc/bin/../lib/gcc/arm-none-eabi/7.2.1/../../../../arm-none-eabi/lib/thumb/v7e-m\libg_nano.a(lib_a-nano-vfprintf_i.o)
                0x0800247c                _printf_i
 .text          0x080026a0       0xa0 e:/imt/arm imt tools/02-arm/03- imt sdk/imt_sdk_win_64/winarm/armgcc/bin/../lib/gcc/arm-none-eabi/7.2.1/../../../../arm-none-eabi/lib/thumb/v7e-m\libg_nano.a(lib_a-memchr.o)
                0x080026a0                memchr
 .text.memcpy   0x08002740       0x16 e:/imt/arm imt tools/02-arm/03- imt sdk/imt_sdk_win_64/winarm/armgcc/bin/../lib/gcc/arm-none-eabi/7.2.1/../../../../arm-none-eabi/lib/thumb/v7e-m\libg_nano.a(lib_a-memcpy-stub.o)
                0x08002740                memcpy
 .text.memmove  0x08002756       0x32 e:/imt/arm imt tools/02-arm/03- imt sdk/imt_sdk_win_64/winarm/armgcc/bin/../lib/gcc/arm-none-eabi/7.2.1/../../../../arm-none-eabi/lib/thumb/v7e-m\libg_nano.a(lib_a-memmove.o)
                0x08002756                memmove
 .text._free_r  0x08002788       0x9c e:/imt/arm imt tools/02-arm/03- imt sdk/imt_sdk_win_64/winarm/armgcc/bin/../lib/gcc/arm-none-eabi/7.2.1/../../../../arm-none-eabi/lib/thumb/v7e-m\libg_nano.a(lib_a-nano-freer.o)
                0x08002788                _free_r
 .text._malloc_r
                0x08002824       0xb4 e:/imt/arm imt tools/02-arm/03- imt sdk/imt_sdk_win_64/winarm/armgcc/bin/../lib/gcc/arm-none-eabi/7.2.1/../../../../arm-none-eabi/lib/thumb/v7e-m\libg_nano.a(lib_a-nano-mallocr.o)
                0x08002824                _malloc_r
 .text._realloc_r
                0x080028d8       0x4c e:/imt/arm imt tools/02-arm/03- imt sdk/imt_sdk_win_64/winarm/armgcc/bin/../lib/gcc/arm-none-eabi/7.2.1/../../../../arm-none-eabi/lib/thumb/v7e-m\libg_nano.a(lib_a-nano-reallocr.o)
                0x080028d8                _realloc_r
 .text._sbrk_r  0x08002924       0x20 e:/imt/arm imt tools/02-arm/03- imt sdk/imt_sdk_win_64/winarm/armgcc/bin/../lib/gcc/arm-none-eabi/7.2.1/../../../../arm-none-eabi/lib/thumb/v7e-m\libg_nano.a(lib_a-sbrkr.o)
                0x08002924                _sbrk_r
 .text.__malloc_lock
                0x08002944        0x2 e:/imt/arm imt tools/02-arm/03- imt sdk/imt_sdk_win_64/winarm/armgcc/bin/../lib/gcc/arm-none-eabi/7.2.1/../../../../arm-none-eabi/lib/thumb/v7e-m\libg_nano.a(lib_a-mlock.o)
                0x08002944                __malloc_lock
 .text.__malloc_unlock
                0x08002946        0x2 e:/imt/arm imt tools/02-arm/03- imt sdk/imt_sdk_win_64/winarm/armgcc/bin/../lib/gcc/arm-none-eabi/7.2.1/../../../../arm-none-eabi/lib/thumb/v7e-m\libg_nano.a(lib_a-mlock.o)
                0x08002946                __malloc_unlock
 .text._malloc_usable_size_r
                0x08002948       0x10 e:/imt/arm imt tools/02-arm/03- imt sdk/imt_sdk_win_64/winarm/armgcc/bin/../lib/gcc/arm-none-eabi/7.2.1/../../../../arm-none-eabi/lib/thumb/v7e-m\libg_nano.a(lib_a-nano-msizer.o)
                0x08002948                _malloc_usable_size_r
 *(.rodata .rodata.* .constdata .constdata.*)
 .rodata.HAL_NVIC_SetPriorityGrouping.str1.4
                0x08002958       0x31 ./system/src/stm32f4-hal/stm32f4xx_hal_cortex.o
 *fill*         0x08002989        0x3 
 .rodata.APBAHBPrescTable
                0x0800298c       0x10 ./system/src/stm32f4-hal/stm32f4xx_hal_rcc.o
                0x0800298c                APBAHBPrescTable
 .rodata.HAL_RCC_OscConfig.str1.4
                0x0800299c       0x2e ./system/src/stm32f4-hal/stm32f4xx_hal_rcc.o
 *fill*         0x080029ca        0x2 
 .rodata.abort.str1.4
                0x080029cc       0x14 ./system/src/newlib/_exit.o
 .rodata.assert_failed.str1.4
                0x080029e0       0x2b ./system/src/newlib/assert.o
 .rodata.trace_puts.str1.4
                0x08002a0b       0x2b ./system/src/diag/Trace.o
                                  0x2 (size before relaxing)
 *fill*         0x08002a0b        0x1 
 .rodata.dumpExceptionStack.str1.4
                0x08002a0c      0x11a ./system/src/cortexm/exception_handlers.o
 *fill*         0x08002b26        0x2 
 .rodata.str1.4
                0x08002b28       0x2c ./system/src/cortexm/exception_handlers.o
                                 0x2a (size before relaxing)
 .rodata.AHBPrescTable
                0x08002b54       0x10 ./system/src/cmsis/system_stm32f4xx.o
                0x08002b54                AHBPrescTable
 .rodata.MessiImage
                0x08002b64     0xa000 ./src/main.o
                0x08002b64                MessiImage
 .rodata.img    0x0800cb64     0xa000 ./src/main.o
                0x0800cb64                img
 .rodata.song_raw
                0x08016b64     0xb970 ./src/main.o
                0x08016b64                song_raw
 .rodata.song_raw2
                0x080224d4     0xbb40 ./src/main.o
                0x080224d4                song_raw2
 .rodata._svfprintf_r.str1.1
                0x0802e014       0x11 e:/imt/arm imt tools/02-arm/03- imt sdk/imt_sdk_win_64/winarm/armgcc/bin/../lib/gcc/arm-none-eabi/7.2.1/../../../../arm-none-eabi/lib/thumb/v7e-m\libg_nano.a(lib_a-nano-svfprintf.o)
 .rodata._printf_i.str1.1
                0x0802e025       0x22 e:/imt/arm imt tools/02-arm/03- imt sdk/imt_sdk_win_64/winarm/armgcc/bin/../lib/gcc/arm-none-eabi/7.2.1/../../../../arm-none-eabi/lib/thumb/v7e-m\libg_nano.a(lib_a-nano-vfprintf_i.o)
 *(vtable)
 *(.eh_frame*)
 *(.glue_7)
 .glue_7        0x0802e047        0x0 linker stubs
 *(.glue_7t)
 .glue_7t       0x0802e047        0x0 linker stubs

.vfp11_veneer   0x0802e048        0x0
 .vfp11_veneer  0x0802e048        0x0 linker stubs

.v4_bx          0x0802e048        0x0
 .v4_bx         0x0802e048        0x0 linker stubs

.iplt           0x0802e048        0x0
 .iplt          0x0802e048        0x0 ./system/src/stm32f4-hal/stm32f4xx_hal.o

.rel.dyn        0x0802e048        0x0
 .rel.iplt      0x0802e048        0x0 ./system/src/stm32f4-hal/stm32f4xx_hal.o

.ARM.extab
 *(.ARM.extab* .gnu.linkonce.armextab.*)
                0x0802e048                . = ALIGN (0x4)
                0x0802e048                __exidx_start = .

.ARM.exidx
 *(.ARM.exidx* .gnu.linkonce.armexidx.*)
                0x0802e048                __exidx_end = .
                0x0802e048                . = ALIGN (0x4)
                0x0802e048                _etext = .
                0x0802e048                __etext = .

.data_CCMRAM    0x10000000        0x0 load address 0x0802e048
 FILL mask 0xff
 *(.data.CCMRAM .data.CCMRAM.*)
                0x10000000                . = ALIGN (0x4)
                0x0802e048                _sidata = LOADADDR (.data)

.data           0x20000000       0x7c load address 0x0802e048
 FILL mask 0xff
                0x20000000                _sdata = .
                0x20000000                __data_start__ = .
 *(.data_begin .data_begin.*)
 .data_begin    0x20000000        0x4 ./system/src/newlib/_startup.o
 *(.data .data.*)
 .data.argv.4310
                0x20000004        0x8 ./system/src/newlib/_syscalls.o
 .data.SystemCoreClock
                0x2000000c        0x4 ./system/src/cmsis/system_stm32f4xx.o
                0x2000000c                SystemCoreClock
 .data.Global2_u8Flag
                0x20000010        0x1 ./src/Timer2_program.o
 .data.Global3_u8Flag
                0x20000011        0x1 ./src/Timer3_program.o
 *fill*         0x20000012        0x2 ff
 .data._impure_ptr
                0x20000014        0x4 e:/imt/arm imt tools/02-arm/03- imt sdk/imt_sdk_win_64/winarm/armgcc/bin/../lib/gcc/arm-none-eabi/7.2.1/../../../../arm-none-eabi/lib/thumb/v7e-m\libg_nano.a(lib_a-impure.o)
                0x20000014                _impure_ptr
 .data.impure_data
                0x20000018       0x60 e:/imt/arm imt tools/02-arm/03- imt sdk/imt_sdk_win_64/winarm/armgcc/bin/../lib/gcc/arm-none-eabi/7.2.1/../../../../arm-none-eabi/lib/thumb/v7e-m\libg_nano.a(lib_a-impure.o)
 *(.data_end .data_end.*)
 .data_end      0x20000078        0x4 ./system/src/newlib/_startup.o
                0x2000007c                . = ALIGN (0x4)
                0x2000007c                _edata = .
                0x2000007c                __data_end__ = .

.igot.plt       0x2000007c        0x0 load address 0x0802e0c4
 .igot.plt      0x2000007c        0x0 ./system/src/stm32f4-hal/stm32f4xx_hal.o

.bss_CCMRAM     0x10000000        0x0
 *(.bss.CCMRAM .bss.CCMRAM.*)

.bss            0x2000007c      0x110
                0x2000007c                __bss_start__ = .
                0x2000007c                _sbss = .
 *(.bss_begin .bss_begin.*)
 .bss_begin     0x2000007c        0x4 ./system/src/newlib/_startup.o
 *(.bss .bss.*)
 .bss.current_heap_end.3961
                0x20000080        0x4 ./system/src/newlib/_sbrk.o
 .bss.name.4309
                0x20000084        0x1 ./system/src/newlib/_syscalls.o
 *fill*         0x20000085        0x3 
 .bss.buf.5205  0x20000088       0x80 ./system/src/diag/Trace.o
 .bss.GLOBAL_PTR
                0x20000108       0x40 ./src/EXTI_program.o
 .bss.Global_u8IPR
                0x20000148        0x1 ./src/NVIC_program.o
 .bss.Mode_GLOBALE
                0x20000149        0x1 ./src/SYSTICK_program.o
 *fill*         0x2000014a        0x2 
 .bss.SetCallBack
                0x2000014c        0x4 ./src/SYSTICK_program.o
 .bss.Global2_u32CopyRoutine
                0x20000150        0x4 ./src/Timer2_program.o
 .bss.Global2_u32Fraction
                0x20000154        0x4 ./src/Timer2_program.o
 .bss.Global2_u32Routine
                0x20000158        0x4 ./src/Timer2_program.o
 .bss.TIM2_CallBack
                0x2000015c        0x4 ./src/Timer2_program.o
 .bss.TIM2_u8ModeOfInterval
                0x20000160        0x1 ./src/Timer2_program.o
 *fill*         0x20000161        0x3 
 .bss.Global3_u32CopyRoutine
                0x20000164        0x4 ./src/Timer3_program.o
 .bss.Global3_u32Fraction
                0x20000168        0x4 ./src/Timer3_program.o
 .bss.Global3_u32Routine
                0x2000016c        0x4 ./src/Timer3_program.o
 .bss.TIM3_CallBack
                0x20000170        0x4 ./src/Timer3_program.o
 .bss.TIM3_u8ModeOfInterval
                0x20000174        0x1 ./src/Timer3_program.o
 .bss.case1_flage
                0x20000175        0x1 ./src/main.o
                0x20000175                case1_flage
 .bss.case2_flage
                0x20000176        0x1 ./src/main.o
                0x20000176                case2_flage
 *fill*         0x20000177        0x1 
 .bss.__malloc_free_list
                0x20000178        0x4 e:/imt/arm imt tools/02-arm/03- imt sdk/imt_sdk_win_64/winarm/armgcc/bin/../lib/gcc/arm-none-eabi/7.2.1/../../../../arm-none-eabi/lib/thumb/v7e-m\libg_nano.a(lib_a-nano-mallocr.o)
                0x20000178                __malloc_free_list
 .bss.__malloc_sbrk_start
                0x2000017c        0x4 e:/imt/arm imt tools/02-arm/03- imt sdk/imt_sdk_win_64/winarm/armgcc/bin/../lib/gcc/arm-none-eabi/7.2.1/../../../../arm-none-eabi/lib/thumb/v7e-m\libg_nano.a(lib_a-nano-mallocr.o)
                0x2000017c                __malloc_sbrk_start
 *(COMMON)
 COMMON         0x20000180        0x4 ./system/src/stm32f4-hal/stm32f4xx_hal.o
                0x20000180                uwTick
 COMMON         0x20000184        0x4 ./system/src/newlib/_syscalls.o
                0x20000184                errno
 *(.bss_end .bss_end.*)
 .bss_end       0x20000188        0x4 ./system/src/newlib/_startup.o
                0x2000018c                . = ALIGN (0x4)
                0x2000018c                __bss_end__ = .
                0x2000018c                _ebss = .

.noinit_CCMRAM
 *(.noinit.CCMRAM .noinit.CCMRAM.*)

.noinit         0x2000018c        0x0
                0x2000018c                _noinit = .
 *(.noinit .noinit.*)
                0x2000018c                . = ALIGN (0x4)
                0x2000018c                _end_noinit = .
                [!provide]                PROVIDE (end, _end_noinit)
                [!provide]                PROVIDE (_end, _end_noinit)
                [!provide]                PROVIDE (__end, _end_noinit)
                [!provide]                PROVIDE (__end__, _end_noinit)

._check_stack   0x2000018c      0x100
                0x2000028c                . = (. + _Minimum_Stack_Size)
 *fill*         0x2000018c      0x100 

.b1text
 *(.b1text)
 *(.b1rodata)
 *(.b1rodata.*)

.eb0text
 *(.eb0text)
 *(.eb0rodata)
 *(.eb0rodata.*)

.eb1text
 *(.eb1text)
 *(.eb1rodata)
 *(.eb1rodata.*)

.eb2text
 *(.eb2text)
 *(.eb2rodata)
 *(.eb2rodata.*)

.eb3text
 *(.eb3text)
 *(.eb3rodata)
 *(.eb3rodata.*)

.stab
 *(.stab)

.stabstr
 *(.stabstr)

.stab.excl
 *(.stab.excl)

.stab.exclstr
 *(.stab.exclstr)

.stab.index
 *(.stab.index)

.stab.indexstr
 *(.stab.indexstr)

.comment        0x00000000       0x7e
 *(.comment)
 .comment       0x00000000       0x7e ./system/src/stm32f4-hal/stm32f4xx_hal.o
                                 0x7f (size before relaxing)
 .comment       0x0000007e       0x7f ./system/src/stm32f4-hal/stm32f4xx_hal_cortex.o
 .comment       0x0000007e       0x7f ./system/src/stm32f4-hal/stm32f4xx_hal_rcc.o
 .comment       0x0000007e       0x7f ./system/src/newlib/_exit.o
 .comment       0x0000007e       0x7f ./system/src/newlib/_sbrk.o
 .comment       0x0000007e       0x7f ./system/src/newlib/_startup.o
 .comment       0x0000007e       0x7f ./system/src/newlib/_syscalls.o
 .comment       0x0000007e       0x7f ./system/src/newlib/assert.o
 .comment       0x0000007e       0x7f ./system/src/diag/Trace.o
 .comment       0x0000007e       0x7f ./system/src/diag/trace_impl.o
 .comment       0x0000007e       0x7f ./system/src/cortexm/_initialize_hardware.o
 .comment       0x0000007e       0x7f ./system/src/cortexm/exception_handlers.o
 .comment       0x0000007e       0x7f ./system/src/cmsis/system_stm32f4xx.o
 .comment       0x0000007e       0x7f ./system/src/cmsis/vectors_stm32f401xc.o
 .comment       0x0000007e       0x7f ./src/DAC_program.o
 .comment       0x0000007e       0x7f ./src/EXTI_program.o
 .comment       0x0000007e       0x7f ./src/GPIO_program.o
 .comment       0x0000007e       0x7f ./src/MRCC_program.o
 .comment       0x0000007e       0x7f ./src/NVIC_program.o
 .comment       0x0000007e       0x7f ./src/SPI_program.o
 .comment       0x0000007e       0x7f ./src/STP_program.o
 .comment       0x0000007e       0x7f ./src/SYSTICK_program.o
 .comment       0x0000007e       0x7f ./src/TFT_Prog.o
 .comment       0x0000007e       0x7f ./src/Timer2_program.o
 .comment       0x0000007e       0x7f ./src/Timer3_program.o
 .comment       0x0000007e       0x7f ./src/_initialize_hardware.o
 .comment       0x0000007e       0x7f ./src/main.o
 .comment       0x0000007e       0x7f ./src/stm32f4xx_hal_msp.o

.ARM.attributes
                0x00000000       0x31
 .ARM.attributes
                0x00000000       0x33 ./system/src/stm32f4-hal/stm32f4xx_hal.o
 .ARM.attributes
                0x00000033       0x33 ./system/src/stm32f4-hal/stm32f4xx_hal_cortex.o
 .ARM.attributes
                0x00000066       0x33 ./system/src/stm32f4-hal/stm32f4xx_hal_rcc.o
 .ARM.attributes
                0x00000099       0x33 ./system/src/newlib/_exit.o
 .ARM.attributes
                0x000000cc       0x33 ./system/src/newlib/_sbrk.o
 .ARM.attributes
                0x000000ff       0x33 ./system/src/newlib/_startup.o
 .ARM.attributes
                0x00000132       0x33 ./system/src/newlib/_syscalls.o
 .ARM.attributes
                0x00000165       0x33 ./system/src/newlib/assert.o
 .ARM.attributes
                0x00000198       0x33 ./system/src/diag/Trace.o
 .ARM.attributes
                0x000001cb       0x33 ./system/src/diag/trace_impl.o
 .ARM.attributes
                0x000001fe       0x33 ./system/src/cortexm/_initialize_hardware.o
 .ARM.attributes
                0x00000231       0x33 ./system/src/cortexm/exception_handlers.o
 .ARM.attributes
                0x00000264       0x33 ./system/src/cmsis/system_stm32f4xx.o
 .ARM.attributes
                0x00000297       0x33 ./system/src/cmsis/vectors_stm32f401xc.o
 .ARM.attributes
                0x000002ca       0x33 ./src/DAC_program.o
 .ARM.attributes
                0x000002fd       0x33 ./src/EXTI_program.o
 .ARM.attributes
                0x00000330       0x33 ./src/GPIO_program.o
 .ARM.attributes
                0x00000363       0x33 ./src/MRCC_program.o
 .ARM.attributes
                0x00000396       0x33 ./src/NVIC_program.o
 .ARM.attributes
                0x000003c9       0x33 ./src/SPI_program.o
 .ARM.attributes
                0x000003fc       0x33 ./src/STP_program.o
 .ARM.attributes
                0x0000042f       0x33 ./src/SYSTICK_program.o
 .ARM.attributes
                0x00000462       0x33 ./src/TFT_Prog.o
 .ARM.attributes
                0x00000495       0x33 ./src/Timer2_program.o
 .ARM.attributes
                0x000004c8       0x33 ./src/Timer3_program.o
 .ARM.attributes
                0x000004fb       0x33 ./src/_initialize_hardware.o
 .ARM.attributes
                0x0000052e       0x33 ./src/main.o
 .ARM.attributes
                0x00000561       0x33 ./src/stm32f4xx_hal_msp.o
 .ARM.attributes
                0x00000594       0x2e e:/imt/arm imt tools/02-arm/03- imt sdk/imt_sdk_win_64/winarm/armgcc/bin/../lib/gcc/arm-none-eabi/7.2.1/../../../../arm-none-eabi/lib/thumb/v7e-m\libg_nano.a(lib_a-errno.o)
 .ARM.attributes
                0x000005c2       0x2e e:/imt/arm imt tools/02-arm/03- imt sdk/imt_sdk_win_64/winarm/armgcc/bin/../lib/gcc/arm-none-eabi/7.2.1/../../../../arm-none-eabi/lib/thumb/v7e-m\libg_nano.a(lib_a-impure.o)
 .ARM.attributes
                0x000005f0       0x17 e:/imt/arm imt tools/02-arm/03- imt sdk/imt_sdk_win_64/winarm/armgcc/bin/../lib/gcc/arm-none-eabi/7.2.1/../../../../arm-none-eabi/lib/thumb/v7e-m\libg_nano.a(lib_a-strlen.o)
 .ARM.attributes
                0x00000607       0x2e e:/imt/arm imt tools/02-arm/03- imt sdk/imt_sdk_win_64/winarm/armgcc/bin/../lib/gcc/arm-none-eabi/7.2.1/../../../../arm-none-eabi/lib/thumb/v7e-m\libg_nano.a(lib_a-vsnprintf.o)
 .ARM.attributes
                0x00000635       0x2e e:/imt/arm imt tools/02-arm/03- imt sdk/imt_sdk_win_64/winarm/armgcc/bin/../lib/gcc/arm-none-eabi/7.2.1/../../../../arm-none-eabi/lib/thumb/v7e-m\libg_nano.a(lib_a-nano-svfprintf.o)
 .ARM.attributes
                0x00000663       0x2e e:/imt/arm imt tools/02-arm/03- imt sdk/imt_sdk_win_64/winarm/armgcc/bin/../lib/gcc/arm-none-eabi/7.2.1/../../../../arm-none-eabi/lib/thumb/v7e-m\libg_nano.a(lib_a-nano-vfprintf_i.o)
 .ARM.attributes
                0x00000691       0x1c e:/imt/arm imt tools/02-arm/03- imt sdk/imt_sdk_win_64/winarm/armgcc/bin/../lib/gcc/arm-none-eabi/7.2.1/../../../../arm-none-eabi/lib/thumb/v7e-m\libg_nano.a(lib_a-memchr.o)
 .ARM.attributes
                0x000006ad       0x2e e:/imt/arm imt tools/02-arm/03- imt sdk/imt_sdk_win_64/winarm/armgcc/bin/../lib/gcc/arm-none-eabi/7.2.1/../../../../arm-none-eabi/lib/thumb/v7e-m\libg_nano.a(lib_a-memcpy-stub.o)
 .ARM.attributes
                0x000006db       0x2e e:/imt/arm imt tools/02-arm/03- imt sdk/imt_sdk_win_64/winarm/armgcc/bin/../lib/gcc/arm-none-eabi/7.2.1/../../../../arm-none-eabi/lib/thumb/v7e-m\libg_nano.a(lib_a-memmove.o)
 .ARM.attributes
                0x00000709       0x2e e:/imt/arm imt tools/02-arm/03- imt sdk/imt_sdk_win_64/winarm/armgcc/bin/../lib/gcc/arm-none-eabi/7.2.1/../../../../arm-none-eabi/lib/thumb/v7e-m\libg_nano.a(lib_a-nano-freer.o)
 .ARM.attributes
                0x00000737       0x2e e:/imt/arm imt tools/02-arm/03- imt sdk/imt_sdk_win_64/winarm/armgcc/bin/../lib/gcc/arm-none-eabi/7.2.1/../../../../arm-none-eabi/lib/thumb/v7e-m\libg_nano.a(lib_a-nano-mallocr.o)
 .ARM.attributes
                0x00000765       0x2e e:/imt/arm imt tools/02-arm/03- imt sdk/imt_sdk_win_64/winarm/armgcc/bin/../lib/gcc/arm-none-eabi/7.2.1/../../../../arm-none-eabi/lib/thumb/v7e-m\libg_nano.a(lib_a-nano-reallocr.o)
 .ARM.attributes
                0x00000793       0x2e e:/imt/arm imt tools/02-arm/03- imt sdk/imt_sdk_win_64/winarm/armgcc/bin/../lib/gcc/arm-none-eabi/7.2.1/../../../../arm-none-eabi/lib/thumb/v7e-m\libg_nano.a(lib_a-sbrkr.o)
 .ARM.attributes
                0x000007c1       0x2e e:/imt/arm imt tools/02-arm/03- imt sdk/imt_sdk_win_64/winarm/armgcc/bin/../lib/gcc/arm-none-eabi/7.2.1/../../../../arm-none-eabi/lib/thumb/v7e-m\libg_nano.a(lib_a-mlock.o)
 .ARM.attributes
                0x000007ef       0x2e e:/imt/arm imt tools/02-arm/03- imt sdk/imt_sdk_win_64/winarm/armgcc/bin/../lib/gcc/arm-none-eabi/7.2.1/../../../../arm-none-eabi/lib/thumb/v7e-m\libg_nano.a(lib_a-nano-msizer.o)

.debug
 *(.debug)

.line
 *(.line)

.debug_srcinfo
 *(.debug_srcinfo)

.debug_sfnames
 *(.debug_sfnames)

.debug_aranges  0x00000000      0x7c0
 *(.debug_aranges)
 .debug_aranges
                0x00000000       0xc0 ./system/src/stm32f4-hal/stm32f4xx_hal.o
 .debug_aranges
                0x000000c0       0x98 ./system/src/stm32f4-hal/stm32f4xx_hal_cortex.o
 .debug_aranges
                0x00000158       0x88 ./system/src/stm32f4-hal/stm32f4xx_hal_rcc.o
 .debug_aranges
                0x000001e0       0x28 ./system/src/newlib/_exit.o
 .debug_aranges
                0x00000208       0x20 ./system/src/newlib/_sbrk.o
 .debug_aranges
                0x00000228       0x40 ./system/src/newlib/_startup.o
 .debug_aranges
                0x00000268       0x30 ./system/src/newlib/_syscalls.o
 .debug_aranges
                0x00000298       0x28 ./system/src/newlib/assert.o
 .debug_aranges
                0x000002c0       0x38 ./system/src/diag/Trace.o
 .debug_aranges
                0x000002f8       0x30 ./system/src/diag/trace_impl.o
 .debug_aranges
                0x00000328       0x28 ./system/src/cortexm/_initialize_hardware.o
 .debug_aranges
                0x00000350       0x90 ./system/src/cortexm/exception_handlers.o
 .debug_aranges
                0x000003e0       0x28 ./system/src/cmsis/system_stm32f4xx.o
 .debug_aranges
                0x00000408       0x20 ./system/src/cmsis/vectors_stm32f401xc.o
 .debug_aranges
                0x00000428       0x28 ./src/DAC_program.o
 .debug_aranges
                0x00000450       0x50 ./src/EXTI_program.o
 .debug_aranges
                0x000004a0       0x48 ./src/GPIO_program.o
 .debug_aranges
                0x000004e8       0x30 ./src/MRCC_program.o
 .debug_aranges
                0x00000518       0x48 ./src/NVIC_program.o
 .debug_aranges
                0x00000560       0x28 ./src/SPI_program.o
 .debug_aranges
                0x00000588       0x30 ./src/STP_program.o
 .debug_aranges
                0x000005b8       0x78 ./src/SYSTICK_program.o
 .debug_aranges
                0x00000630       0x40 ./src/TFT_Prog.o
 .debug_aranges
                0x00000670       0x58 ./src/Timer2_program.o
 .debug_aranges
                0x000006c8       0x58 ./src/Timer3_program.o
 .debug_aranges
                0x00000720       0x28 ./src/_initialize_hardware.o
 .debug_aranges
                0x00000748       0x40 ./src/main.o
 .debug_aranges
                0x00000788       0x38 ./src/stm32f4xx_hal_msp.o

.debug_pubnames
 *(.debug_pubnames)

.debug_info     0x00000000     0xf3d8
 *(.debug_info .gnu.linkonce.wi.*)
 .debug_info    0x00000000     0x107e ./system/src/stm32f4-hal/stm32f4xx_hal.o
 .debug_info    0x0000107e     0x1863 ./system/src/stm32f4-hal/stm32f4xx_hal_cortex.o
 .debug_info    0x000028e1     0x177e ./system/src/stm32f4-hal/stm32f4xx_hal_rcc.o
 .debug_info    0x0000405f      0x956 ./system/src/newlib/_exit.o
 .debug_info    0x000049b5      0x942 ./system/src/newlib/_sbrk.o
 .debug_info    0x000052f7      0x4bf ./system/src/newlib/_startup.o
 .debug_info    0x000057b6      0xa19 ./system/src/newlib/_syscalls.o
 .debug_info    0x000061cf      0x9ff ./system/src/newlib/assert.o
 .debug_info    0x00006bce      0xb2a ./system/src/diag/Trace.o
 .debug_info    0x000076f8      0xb6b ./system/src/diag/trace_impl.o
 .debug_info    0x00008263      0xade ./system/src/cortexm/_initialize_hardware.o
 .debug_info    0x00008d41     0x115a ./system/src/cortexm/exception_handlers.o
 .debug_info    0x00009e9b      0xcfe ./system/src/cmsis/system_stm32f4xx.o
 .debug_info    0x0000ab99       0xca ./system/src/cmsis/vectors_stm32f401xc.o
 .debug_info    0x0000ac63      0x4d0 ./src/DAC_program.o
 .debug_info    0x0000b133      0x375 ./src/EXTI_program.o
 .debug_info    0x0000b4a8      0x343 ./src/GPIO_program.o
 .debug_info    0x0000b7eb      0x2ec ./src/MRCC_program.o
 .debug_info    0x0000bad7      0x2db ./src/NVIC_program.o
 .debug_info    0x0000bdb2      0x144 ./src/SPI_program.o
 .debug_info    0x0000bef6      0x2c7 ./src/STP_program.o
 .debug_info    0x0000c1bd      0x302 ./src/SYSTICK_program.o
 .debug_info    0x0000c4bf      0x582 ./src/TFT_Prog.o
 .debug_info    0x0000ca41      0x34a ./src/Timer2_program.o
 .debug_info    0x0000cd8b      0x34a ./src/Timer3_program.o
 .debug_info    0x0000d0d5      0xd34 ./src/_initialize_hardware.o
 .debug_info    0x0000de09      0xcc0 ./src/main.o
 .debug_info    0x0000eac9      0x90f ./src/stm32f4xx_hal_msp.o

.debug_abbrev   0x00000000     0x3161
 *(.debug_abbrev)
 .debug_abbrev  0x00000000      0x32b ./system/src/stm32f4-hal/stm32f4xx_hal.o
 .debug_abbrev  0x0000032b      0x3f1 ./system/src/stm32f4-hal/stm32f4xx_hal_cortex.o
 .debug_abbrev  0x0000071c      0x394 ./system/src/stm32f4-hal/stm32f4xx_hal_rcc.o
 .debug_abbrev  0x00000ab0      0x1f3 ./system/src/newlib/_exit.o
 .debug_abbrev  0x00000ca3      0x1fc ./system/src/newlib/_sbrk.o
 .debug_abbrev  0x00000e9f      0x1cb ./system/src/newlib/_startup.o
 .debug_abbrev  0x0000106a      0x234 ./system/src/newlib/_syscalls.o
 .debug_abbrev  0x0000129e      0x1f3 ./system/src/newlib/assert.o
 .debug_abbrev  0x00001491      0x276 ./system/src/diag/Trace.o
 .debug_abbrev  0x00001707      0x2ef ./system/src/diag/trace_impl.o
 .debug_abbrev  0x000019f6      0x1de ./system/src/cortexm/_initialize_hardware.o
 .debug_abbrev  0x00001bd4      0x32b ./system/src/cortexm/exception_handlers.o
 .debug_abbrev  0x00001eff      0x216 ./system/src/cmsis/system_stm32f4xx.o
 .debug_abbrev  0x00002115       0x9d ./system/src/cmsis/vectors_stm32f401xc.o
 .debug_abbrev  0x000021b2       0xd5 ./src/DAC_program.o
 .debug_abbrev  0x00002287      0x11a ./src/EXTI_program.o
 .debug_abbrev  0x000023a1       0xed ./src/GPIO_program.o
 .debug_abbrev  0x0000248e       0xc2 ./src/MRCC_program.o
 .debug_abbrev  0x00002550      0x10a ./src/NVIC_program.o
 .debug_abbrev  0x0000265a       0xb9 ./src/SPI_program.o
 .debug_abbrev  0x00002713       0xc1 ./src/STP_program.o
 .debug_abbrev  0x000027d4      0x142 ./src/SYSTICK_program.o
 .debug_abbrev  0x00002916       0xe9 ./src/TFT_Prog.o
 .debug_abbrev  0x000029ff      0x120 ./src/Timer2_program.o
 .debug_abbrev  0x00002b1f      0x120 ./src/Timer3_program.o
 .debug_abbrev  0x00002c3f      0x22d ./src/_initialize_hardware.o
 .debug_abbrev  0x00002e6c      0x144 ./src/main.o
 .debug_abbrev  0x00002fb0      0x1b1 ./src/stm32f4xx_hal_msp.o

.debug_line     0x00000000     0x8ee9
 *(.debug_line)
 .debug_line    0x00000000      0xbc8 ./system/src/stm32f4-hal/stm32f4xx_hal.o
 .debug_line    0x00000bc8      0xcbf ./system/src/stm32f4-hal/stm32f4xx_hal_cortex.o
 .debug_line    0x00001887      0xe49 ./system/src/stm32f4-hal/stm32f4xx_hal_rcc.o
 .debug_line    0x000026d0      0x38b ./system/src/newlib/_exit.o
 .debug_line    0x00002a5b      0x33f ./system/src/newlib/_sbrk.o
 .debug_line    0x00002d9a      0x407 ./system/src/newlib/_startup.o
 .debug_line    0x000031a1      0x464 ./system/src/newlib/_syscalls.o
 .debug_line    0x00003605      0x3c6 ./system/src/newlib/assert.o
 .debug_line    0x000039cb      0x407 ./system/src/diag/Trace.o
 .debug_line    0x00003dd2      0xafb ./system/src/diag/trace_impl.o
 .debug_line    0x000048cd      0xa64 ./system/src/cortexm/_initialize_hardware.o
 .debug_line    0x00005331      0xbb2 ./system/src/cortexm/exception_handlers.o
 .debug_line    0x00005ee3      0xa6a ./system/src/cmsis/system_stm32f4xx.o
 .debug_line    0x0000694d      0x111 ./system/src/cmsis/vectors_stm32f401xc.o
 .debug_line    0x00006a5e      0x10f ./src/DAC_program.o
 .debug_line    0x00006b6d      0x11d ./src/EXTI_program.o
 .debug_line    0x00006c8a      0x154 ./src/GPIO_program.o
 .debug_line    0x00006dde       0xdf ./src/MRCC_program.o
 .debug_line    0x00006ebd      0x109 ./src/NVIC_program.o
 .debug_line    0x00006fc6       0xc9 ./src/SPI_program.o
 .debug_line    0x0000708f      0x110 ./src/STP_program.o
 .debug_line    0x0000719f      0x19b ./src/SYSTICK_program.o
 .debug_line    0x0000733a      0x17d ./src/TFT_Prog.o
 .debug_line    0x000074b7      0x19a ./src/Timer2_program.o
 .debug_line    0x00007651      0x19a ./src/Timer3_program.o
 .debug_line    0x000077eb      0xa5d ./src/_initialize_hardware.o
 .debug_line    0x00008248      0x243 ./src/main.o
 .debug_line    0x0000848b      0xa5e ./src/stm32f4xx_hal_msp.o

.debug_frame    0x00000000     0x1230
 *(.debug_frame)
 .debug_frame   0x00000000      0x188 ./system/src/stm32f4-hal/stm32f4xx_hal.o
 .debug_frame   0x00000188      0x17c ./system/src/stm32f4-hal/stm32f4xx_hal_cortex.o
 .debug_frame   0x00000304      0x140 ./system/src/stm32f4-hal/stm32f4xx_hal_rcc.o
 .debug_frame   0x00000444       0x38 ./system/src/newlib/_exit.o
 .debug_frame   0x0000047c       0x28 ./system/src/newlib/_sbrk.o
 .debug_frame   0x000004a4       0x7c ./system/src/newlib/_startup.o
 .debug_frame   0x00000520       0x50 ./system/src/newlib/_syscalls.o
 .debug_frame   0x00000570       0x40 ./system/src/newlib/assert.o
 .debug_frame   0x000005b0       0x94 ./system/src/diag/Trace.o
 .debug_frame   0x00000644       0x64 ./system/src/diag/trace_impl.o
 .debug_frame   0x000006a8       0x40 ./system/src/cortexm/_initialize_hardware.o
 .debug_frame   0x000006e8      0x158 ./system/src/cortexm/exception_handlers.o
 .debug_frame   0x00000840       0x30 ./system/src/cmsis/system_stm32f4xx.o
 .debug_frame   0x00000870       0x20 ./system/src/cmsis/vectors_stm32f401xc.o
 .debug_frame   0x00000890       0x48 ./src/DAC_program.o
 .debug_frame   0x000008d8       0x9c ./src/EXTI_program.o
 .debug_frame   0x00000974       0xa4 ./src/GPIO_program.o
 .debug_frame   0x00000a18       0x40 ./src/MRCC_program.o
 .debug_frame   0x00000a58       0xa0 ./src/NVIC_program.o
 .debug_frame   0x00000af8       0x30 ./src/SPI_program.o
 .debug_frame   0x00000b28       0x5c ./src/STP_program.o
 .debug_frame   0x00000b84       0xf8 ./src/SYSTICK_program.o
 .debug_frame   0x00000c7c       0x90 ./src/TFT_Prog.o
 .debug_frame   0x00000d0c       0xa4 ./src/Timer2_program.o
 .debug_frame   0x00000db0       0xa4 ./src/Timer3_program.o
 .debug_frame   0x00000e54       0x4c ./src/_initialize_hardware.o
 .debug_frame   0x00000ea0       0x78 ./src/main.o
 .debug_frame   0x00000f18       0x50 ./src/stm32f4xx_hal_msp.o
 .debug_frame   0x00000f68       0x20 e:/imt/arm imt tools/02-arm/03- imt sdk/imt_sdk_win_64/winarm/armgcc/bin/../lib/gcc/arm-none-eabi/7.2.1/../../../../arm-none-eabi/lib/thumb/v7e-m\libg_nano.a(lib_a-errno.o)
 .debug_frame   0x00000f88       0x4c e:/imt/arm imt tools/02-arm/03- imt sdk/imt_sdk_win_64/winarm/armgcc/bin/../lib/gcc/arm-none-eabi/7.2.1/../../../../arm-none-eabi/lib/thumb/v7e-m\libg_nano.a(lib_a-vsnprintf.o)
 .debug_frame   0x00000fd4       0x90 e:/imt/arm imt tools/02-arm/03- imt sdk/imt_sdk_win_64/winarm/armgcc/bin/../lib/gcc/arm-none-eabi/7.2.1/../../../../arm-none-eabi/lib/thumb/v7e-m\libg_nano.a(lib_a-nano-svfprintf.o)
 .debug_frame   0x00001064       0x60 e:/imt/arm imt tools/02-arm/03- imt sdk/imt_sdk_win_64/winarm/armgcc/bin/../lib/gcc/arm-none-eabi/7.2.1/../../../../arm-none-eabi/lib/thumb/v7e-m\libg_nano.a(lib_a-nano-vfprintf_i.o)
 .debug_frame   0x000010c4       0x28 e:/imt/arm imt tools/02-arm/03- imt sdk/imt_sdk_win_64/winarm/armgcc/bin/../lib/gcc/arm-none-eabi/7.2.1/../../../../arm-none-eabi/lib/thumb/v7e-m\libg_nano.a(lib_a-memcpy-stub.o)
 .debug_frame   0x000010ec       0x28 e:/imt/arm imt tools/02-arm/03- imt sdk/imt_sdk_win_64/winarm/armgcc/bin/../lib/gcc/arm-none-eabi/7.2.1/../../../../arm-none-eabi/lib/thumb/v7e-m\libg_nano.a(lib_a-memmove.o)
 .debug_frame   0x00001114       0x38 e:/imt/arm imt tools/02-arm/03- imt sdk/imt_sdk_win_64/winarm/armgcc/bin/../lib/gcc/arm-none-eabi/7.2.1/../../../../arm-none-eabi/lib/thumb/v7e-m\libg_nano.a(lib_a-nano-freer.o)
 .debug_frame   0x0000114c       0x2c e:/imt/arm imt tools/02-arm/03- imt sdk/imt_sdk_win_64/winarm/armgcc/bin/../lib/gcc/arm-none-eabi/7.2.1/../../../../arm-none-eabi/lib/thumb/v7e-m\libg_nano.a(lib_a-nano-mallocr.o)
 .debug_frame   0x00001178       0x3c e:/imt/arm imt tools/02-arm/03- imt sdk/imt_sdk_win_64/winarm/armgcc/bin/../lib/gcc/arm-none-eabi/7.2.1/../../../../arm-none-eabi/lib/thumb/v7e-m\libg_nano.a(lib_a-nano-reallocr.o)
 .debug_frame   0x000011b4       0x2c e:/imt/arm imt tools/02-arm/03- imt sdk/imt_sdk_win_64/winarm/armgcc/bin/../lib/gcc/arm-none-eabi/7.2.1/../../../../arm-none-eabi/lib/thumb/v7e-m\libg_nano.a(lib_a-sbrkr.o)
 .debug_frame   0x000011e0       0x30 e:/imt/arm imt tools/02-arm/03- imt sdk/imt_sdk_win_64/winarm/armgcc/bin/../lib/gcc/arm-none-eabi/7.2.1/../../../../arm-none-eabi/lib/thumb/v7e-m\libg_nano.a(lib_a-mlock.o)
 .debug_frame   0x00001210       0x20 e:/imt/arm imt tools/02-arm/03- imt sdk/imt_sdk_win_64/winarm/armgcc/bin/../lib/gcc/arm-none-eabi/7.2.1/../../../../arm-none-eabi/lib/thumb/v7e-m\libg_nano.a(lib_a-nano-msizer.o)

.debug_str      0x00000000    0x75124
 *(.debug_str)
 .debug_str     0x00000000    0x6fc46 ./system/src/stm32f4-hal/stm32f4xx_hal.o
                              0x70085 (size before relaxing)
 .debug_str     0x0006fc46      0x37d ./system/src/stm32f4-hal/stm32f4xx_hal_cortex.o
                              0x6feef (size before relaxing)
 .debug_str     0x0006ffc3      0x3db ./system/src/stm32f4-hal/stm32f4xx_hal_rcc.o
                              0x6fc07 (size before relaxing)
 .debug_str     0x0007039e     0x10ff ./system/src/newlib/_exit.o
                               0x7ee6 (size before relaxing)
 .debug_str     0x0007149d      0x4f5 ./system/src/newlib/_sbrk.o
                               0x7298 (size before relaxing)
 .debug_str     0x00071992      0x2c6 ./system/src/newlib/_startup.o
                               0x6a39 (size before relaxing)
 .debug_str     0x00071c58      0xe8b ./system/src/newlib/_syscalls.o
                               0x8173 (size before relaxing)
 .debug_str     0x00072ae3       0xd0 ./system/src/newlib/assert.o
                               0x89eb (size before relaxing)
 .debug_str     0x00072bb3      0x176 ./system/src/diag/Trace.o
                               0x865e (size before relaxing)
 .debug_str     0x00072d29      0x37b ./system/src/diag/trace_impl.o
                              0x70984 (size before relaxing)
 .debug_str     0x000730a4       0x5e ./system/src/cortexm/_initialize_hardware.o
                              0x6f716 (size before relaxing)
 .debug_str     0x00073102      0x19d ./system/src/cortexm/exception_handlers.o
                              0x70b0e (size before relaxing)
 .debug_str     0x0007329f       0x46 ./system/src/cmsis/system_stm32f4xx.o
                              0x6f7f7 (size before relaxing)
 .debug_str     0x000732e5       0x59 ./system/src/cmsis/vectors_stm32f401xc.o
                               0x3876 (size before relaxing)
 .debug_str     0x0007333e      0x3b2 ./src/DAC_program.o
                               0x3143 (size before relaxing)
 .debug_str     0x000736f0      0x3fc ./src/EXTI_program.o
                               0x32bf (size before relaxing)
 .debug_str     0x00073aec      0x241 ./src/GPIO_program.o
                               0x32a5 (size before relaxing)
 .debug_str     0x00073d2d      0x3be ./src/MRCC_program.o
                               0x330b (size before relaxing)
 .debug_str     0x000740eb      0x25b ./src/NVIC_program.o
                               0x3123 (size before relaxing)
 .debug_str     0x00074346      0x418 ./src/SPI_program.o
                               0x32d6 (size before relaxing)
 .debug_str     0x0007475e      0x164 ./src/STP_program.o
                               0x3162 (size before relaxing)
 .debug_str     0x000748c2      0x25f ./src/SYSTICK_program.o
                               0x31a2 (size before relaxing)
 .debug_str     0x00074b21      0x12d ./src/TFT_Prog.o
                               0x31d7 (size before relaxing)
 .debug_str     0x00074c4e      0x23a ./src/Timer2_program.o
                               0x31dd (size before relaxing)
 .debug_str     0x00074e88      0x197 ./src/Timer3_program.o
                               0x31dd (size before relaxing)
 .debug_str     0x0007501f       0x31 ./src/_initialize_hardware.o
                              0x6f90d (size before relaxing)
 .debug_str     0x00075050       0x97 ./src/main.o
                               0x376e (size before relaxing)
 .debug_str     0x000750e7       0x3d ./src/stm32f4xx_hal_msp.o
                              0x6f65e (size before relaxing)

.debug_loc      0x00000000     0x27b3
 *(.debug_loc)
 .debug_loc     0x00000000       0x92 ./system/src/stm32f4-hal/stm32f4xx_hal.o
 .debug_loc     0x00000092      0x73b ./system/src/stm32f4-hal/stm32f4xx_hal_cortex.o
 .debug_loc     0x000007cd      0x50a ./system/src/stm32f4-hal/stm32f4xx_hal_rcc.o
 .debug_loc     0x00000cd7       0x85 ./system/src/newlib/_sbrk.o
 .debug_loc     0x00000d5c      0x2cb ./system/src/newlib/_startup.o
 .debug_loc     0x00001027       0x63 ./system/src/newlib/_syscalls.o
 .debug_loc     0x0000108a      0x134 ./system/src/newlib/assert.o
 .debug_loc     0x000011be       0xf6 ./system/src/diag/Trace.o
 .debug_loc     0x000012b4      0x121 ./system/src/diag/trace_impl.o
 .debug_loc     0x000013d5      0x291 ./system/src/cortexm/exception_handlers.o
 .debug_loc     0x00001666      0x13e ./system/src/cmsis/system_stm32f4xx.o
 .debug_loc     0x000017a4       0x79 ./src/DAC_program.o
 .debug_loc     0x0000181d      0x15c ./src/EXTI_program.o
 .debug_loc     0x00001979      0x5d8 ./src/GPIO_program.o
 .debug_loc     0x00001f51      0x1b0 ./src/MRCC_program.o
 .debug_loc     0x00002101      0x1af ./src/NVIC_program.o
 .debug_loc     0x000022b0       0x21 ./src/SPI_program.o
 .debug_loc     0x000022d1       0x4b ./src/STP_program.o
 .debug_loc     0x0000231c       0xdc ./src/SYSTICK_program.o
 .debug_loc     0x000023f8       0xd2 ./src/TFT_Prog.o
 .debug_loc     0x000024ca      0x16b ./src/Timer2_program.o
 .debug_loc     0x00002635      0x16b ./src/Timer3_program.o
 .debug_loc     0x000027a0       0x13 ./src/main.o

.debug_macinfo
 *(.debug_macinfo)

.debug_weaknames
 *(.debug_weaknames)

.debug_funcnames
 *(.debug_funcnames)

.debug_typenames
 *(.debug_typenames)

.debug_varnames
 *(.debug_varnames)
OUTPUT(project.elf elf32-littlearm)

.debug_ranges   0x00000000      0x6f0
 .debug_ranges  0x00000000       0xb0 ./system/src/stm32f4-hal/stm32f4xx_hal.o
 .debug_ranges  0x000000b0       0xe8 ./system/src/stm32f4-hal/stm32f4xx_hal_cortex.o
 .debug_ranges  0x00000198       0x78 ./system/src/stm32f4-hal/stm32f4xx_hal_rcc.o
 .debug_ranges  0x00000210       0x18 ./system/src/newlib/_exit.o
 .debug_ranges  0x00000228       0x10 ./system/src/newlib/_sbrk.o
 .debug_ranges  0x00000238       0x90 ./system/src/newlib/_startup.o
 .debug_ranges  0x000002c8       0x20 ./system/src/newlib/_syscalls.o
 .debug_ranges  0x000002e8       0x18 ./system/src/newlib/assert.o
 .debug_ranges  0x00000300       0x28 ./system/src/diag/Trace.o
 .debug_ranges  0x00000328       0x50 ./system/src/diag/trace_impl.o
 .debug_ranges  0x00000378       0x18 ./system/src/cortexm/_initialize_hardware.o
 .debug_ranges  0x00000390       0x80 ./system/src/cortexm/exception_handlers.o
 .debug_ranges  0x00000410       0x18 ./system/src/cmsis/system_stm32f4xx.o
 .debug_ranges  0x00000428       0x10 ./system/src/cmsis/vectors_stm32f401xc.o
 .debug_ranges  0x00000438       0x18 ./src/DAC_program.o
 .debug_ranges  0x00000450       0x40 ./src/EXTI_program.o
 .debug_ranges  0x00000490       0x38 ./src/GPIO_program.o
 .debug_ranges  0x000004c8       0x20 ./src/MRCC_program.o
 .debug_ranges  0x000004e8       0x38 ./src/NVIC_program.o
 .debug_ranges  0x00000520       0x18 ./src/SPI_program.o
 .debug_ranges  0x00000538       0x20 ./src/STP_program.o
 .debug_ranges  0x00000558       0x68 ./src/SYSTICK_program.o
 .debug_ranges  0x000005c0       0x30 ./src/TFT_Prog.o
 .debug_ranges  0x000005f0       0x48 ./src/Timer2_program.o
 .debug_ranges  0x00000638       0x48 ./src/Timer3_program.o
 .debug_ranges  0x00000680       0x18 ./src/_initialize_hardware.o
 .debug_ranges  0x00000698       0x30 ./src/main.o
 .debug_ranges  0x000006c8       0x28 ./src/stm32f4xx_hal_msp.o

.debug_macro    0x00000000    0x156ee
 .debug_macro   0x00000000      0x532 ./system/src/stm32f4-hal/stm32f4xx_hal.o
 .debug_macro   0x00000532      0xa6c ./system/src/stm32f4-hal/stm32f4xx_hal.o
 .debug_macro   0x00000f9e      0x289 ./system/src/stm32f4-hal/stm32f4xx_hal.o
 .debug_macro   0x00001227       0x31 ./system/src/stm32f4-hal/stm32f4xx_hal.o
 .debug_macro   0x00001258       0x28 ./system/src/stm32f4-hal/stm32f4xx_hal.o
 .debug_macro   0x00001280      0x34e ./system/src/stm32f4-hal/stm32f4xx_hal.o
 .debug_macro   0x000015ce       0x35 ./system/src/stm32f4-hal/stm32f4xx_hal.o
 .debug_macro   0x00001603       0x50 ./system/src/stm32f4-hal/stm32f4xx_hal.o
 .debug_macro   0x00001653      0xe66 ./system/src/stm32f4-hal/stm32f4xx_hal.o
 .debug_macro   0x000024b9     0x5099 ./system/src/stm32f4-hal/stm32f4xx_hal.o
 .debug_macro   0x00007552       0x43 ./system/src/stm32f4-hal/stm32f4xx_hal.o
 .debug_macro   0x00007595     0x347f ./system/src/stm32f4-hal/stm32f4xx_hal.o
 .debug_macro   0x0000aa14       0x22 ./system/src/stm32f4-hal/stm32f4xx_hal.o
 .debug_macro   0x0000aa36       0x52 ./system/src/stm32f4-hal/stm32f4xx_hal.o
 .debug_macro   0x0000aa88       0x17 ./system/src/stm32f4-hal/stm32f4xx_hal.o
 .debug_macro   0x0000aa9f       0x8d ./system/src/stm32f4-hal/stm32f4xx_hal.o
 .debug_macro   0x0000ab2c       0x35 ./system/src/stm32f4-hal/stm32f4xx_hal.o
 .debug_macro   0x0000ab61       0x9c ./system/src/stm32f4-hal/stm32f4xx_hal.o
 .debug_macro   0x0000abfd       0x16 ./system/src/stm32f4-hal/stm32f4xx_hal.o
 .debug_macro   0x0000ac13       0x57 ./system/src/stm32f4-hal/stm32f4xx_hal.o
 .debug_macro   0x0000ac6a       0x97 ./system/src/stm32f4-hal/stm32f4xx_hal.o
 .debug_macro   0x0000ad01      0x330 ./system/src/stm32f4-hal/stm32f4xx_hal.o
 .debug_macro   0x0000b031       0xfd ./system/src/stm32f4-hal/stm32f4xx_hal.o
 .debug_macro   0x0000b12e       0x10 ./system/src/stm32f4-hal/stm32f4xx_hal.o
 .debug_macro   0x0000b13e       0x58 ./system/src/stm32f4-hal/stm32f4xx_hal.o
 .debug_macro   0x0000b196       0x1f ./system/src/stm32f4-hal/stm32f4xx_hal.o
 .debug_macro   0x0000b1b5       0x43 ./system/src/stm32f4-hal/stm32f4xx_hal.o
 .debug_macro   0x0000b1f8       0x20 ./system/src/stm32f4-hal/stm32f4xx_hal.o
 .debug_macro   0x0000b218      0x18e ./system/src/stm32f4-hal/stm32f4xx_hal.o
 .debug_macro   0x0000b3a6       0x10 ./system/src/stm32f4-hal/stm32f4xx_hal.o
 .debug_macro   0x0000b3b6       0x6a ./system/src/stm32f4-hal/stm32f4xx_hal.o
 .debug_macro   0x0000b420       0x1c ./system/src/stm32f4-hal/stm32f4xx_hal.o
 .debug_macro   0x0000b43c       0x52 ./system/src/stm32f4-hal/stm32f4xx_hal.o
 .debug_macro   0x0000b48e       0x40 ./system/src/stm32f4-hal/stm32f4xx_hal.o
 .debug_macro   0x0000b4ce       0x10 ./system/src/stm32f4-hal/stm32f4xx_hal.o
 .debug_macro   0x0000b4de       0x40 ./system/src/stm32f4-hal/stm32f4xx_hal.o
 .debug_macro   0x0000b51e       0xd7 ./system/src/stm32f4-hal/stm32f4xx_hal.o
 .debug_macro   0x0000b5f5       0x1c ./system/src/stm32f4-hal/stm32f4xx_hal.o
 .debug_macro   0x0000b611       0x3d ./system/src/stm32f4-hal/stm32f4xx_hal.o
 .debug_macro   0x0000b64e       0x16 ./system/src/stm32f4-hal/stm32f4xx_hal.o
 .debug_macro   0x0000b664      0x16f ./system/src/stm32f4-hal/stm32f4xx_hal.o
 .debug_macro   0x0000b7d3       0x57 ./system/src/stm32f4-hal/stm32f4xx_hal.o
 .debug_macro   0x0000b82a      0x424 ./system/src/stm32f4-hal/stm32f4xx_hal.o
 .debug_macro   0x0000bc4e      0x9e1 ./system/src/stm32f4-hal/stm32f4xx_hal.o
 .debug_macro   0x0000c62f      0x11e ./system/src/stm32f4-hal/stm32f4xx_hal.o
 .debug_macro   0x0000c74d       0xf8 ./system/src/stm32f4-hal/stm32f4xx_hal.o
 .debug_macro   0x0000c845       0x27 ./system/src/stm32f4-hal/stm32f4xx_hal.o
 .debug_macro   0x0000c86c      0x287 ./system/src/stm32f4-hal/stm32f4xx_hal.o
 .debug_macro   0x0000caf3       0x5f ./system/src/stm32f4-hal/stm32f4xx_hal.o
 .debug_macro   0x0000cb52      0x23a ./system/src/stm32f4-hal/stm32f4xx_hal.o
 .debug_macro   0x0000cd8c      0x391 ./system/src/stm32f4-hal/stm32f4xx_hal.o
 .debug_macro   0x0000d11d      0x16f ./system/src/stm32f4-hal/stm32f4xx_hal.o
 .debug_macro   0x0000d28c       0xf9 ./system/src/stm32f4-hal/stm32f4xx_hal.o
 .debug_macro   0x0000d385       0x23 ./system/src/stm32f4-hal/stm32f4xx_hal.o
 .debug_macro   0x0000d3a8      0x13a ./system/src/stm32f4-hal/stm32f4xx_hal.o
 .debug_macro   0x0000d4e2      0x23a ./system/src/stm32f4-hal/stm32f4xx_hal.o
 .debug_macro   0x0000d71c       0x2e ./system/src/stm32f4-hal/stm32f4xx_hal.o
 .debug_macro   0x0000d74a      0x1a7 ./system/src/stm32f4-hal/stm32f4xx_hal.o
 .debug_macro   0x0000d8f1       0x22 ./system/src/stm32f4-hal/stm32f4xx_hal.o
 .debug_macro   0x0000d913       0xa5 ./system/src/stm32f4-hal/stm32f4xx_hal.o
 .debug_macro   0x0000d9b8      0x18b ./system/src/stm32f4-hal/stm32f4xx_hal.o
 .debug_macro   0x0000db43       0x24 ./system/src/stm32f4-hal/stm32f4xx_hal.o
 .debug_macro   0x0000db67       0x35 ./system/src/stm32f4-hal/stm32f4xx_hal.o
 .debug_macro   0x0000db9c       0x79 ./system/src/stm32f4-hal/stm32f4xx_hal.o
 .debug_macro   0x0000dc15      0x11e ./system/src/stm32f4-hal/stm32f4xx_hal.o
 .debug_macro   0x0000dd33       0x85 ./system/src/stm32f4-hal/stm32f4xx_hal.o
 .debug_macro   0x0000ddb8       0x89 ./system/src/stm32f4-hal/stm32f4xx_hal.o
 .debug_macro   0x0000de41      0x31a ./system/src/stm32f4-hal/stm32f4xx_hal.o
 .debug_macro   0x0000e15b      0x409 ./system/src/stm32f4-hal/stm32f4xx_hal.o
 .debug_macro   0x0000e564       0xe4 ./system/src/stm32f4-hal/stm32f4xx_hal.o
 .debug_macro   0x0000e648      0x48d ./system/src/stm32f4-hal/stm32f4xx_hal.o
 .debug_macro   0x0000ead5      0x22b ./system/src/stm32f4-hal/stm32f4xx_hal.o
 .debug_macro   0x0000ed00      0x202 ./system/src/stm32f4-hal/stm32f4xx_hal.o
 .debug_macro   0x0000ef02      0x6d9 ./system/src/stm32f4-hal/stm32f4xx_hal.o
 .debug_macro   0x0000f5db       0x5b ./system/src/stm32f4-hal/stm32f4xx_hal.o
 .debug_macro   0x0000f636      0x14d ./system/src/stm32f4-hal/stm32f4xx_hal.o
 .debug_macro   0x0000f783      0x287 ./system/src/stm32f4-hal/stm32f4xx_hal.o
 .debug_macro   0x0000fa0a      0x225 ./system/src/stm32f4-hal/stm32f4xx_hal.o
 .debug_macro   0x0000fc2f      0x1b5 ./system/src/stm32f4-hal/stm32f4xx_hal.o
 .debug_macro   0x0000fde4      0x2db ./system/src/stm32f4-hal/stm32f4xx_hal.o
 .debug_macro   0x000100bf       0x89 ./system/src/stm32f4-hal/stm32f4xx_hal.o
 .debug_macro   0x00010148      0x1df ./system/src/stm32f4-hal/stm32f4xx_hal.o
 .debug_macro   0x00010327      0x115 ./system/src/stm32f4-hal/stm32f4xx_hal.o
 .debug_macro   0x0001043c       0x6e ./system/src/stm32f4-hal/stm32f4xx_hal.o
 .debug_macro   0x000104aa      0x11e ./system/src/stm32f4-hal/stm32f4xx_hal.o
 .debug_macro   0x000105c8      0x4e4 ./system/src/stm32f4-hal/stm32f4xx_hal_cortex.o
 .debug_macro   0x00010aac      0x50e ./system/src/stm32f4-hal/stm32f4xx_hal_rcc.o
 .debug_macro   0x00010fba      0x1b4 ./system/src/newlib/_exit.o
 .debug_macro   0x0001116e      0x10e ./system/src/newlib/_exit.o
 .debug_macro   0x0001127c       0x8d ./system/src/newlib/_exit.o
 .debug_macro   0x00011309       0x35 ./system/src/newlib/_exit.o
 .debug_macro   0x0001133e      0x169 ./system/src/newlib/_sbrk.o
 .debug_macro   0x000114a7      0x174 ./system/src/newlib/_sbrk.o
 .debug_macro   0x0001161b       0x10 ./system/src/newlib/_sbrk.o
 .debug_macro   0x0001162b      0x23b ./system/src/newlib/_sbrk.o
 .debug_macro   0x00011866      0x173 ./system/src/newlib/_startup.o
 .debug_macro   0x000119d9      0xa72 ./system/src/newlib/_startup.o
 .debug_macro   0x0001244b      0x217 ./system/src/newlib/_syscalls.o
 .debug_macro   0x00012662       0x1c ./system/src/newlib/_syscalls.o
 .debug_macro   0x0001267e       0x10 ./system/src/newlib/_syscalls.o
 .debug_macro   0x0001268e       0x10 ./system/src/newlib/_syscalls.o
 .debug_macro   0x0001269e       0x10 ./system/src/newlib/_syscalls.o
 .debug_macro   0x000126ae       0x35 ./system/src/newlib/_syscalls.o
 .debug_macro   0x000126e3      0x122 ./system/src/newlib/_syscalls.o
 .debug_macro   0x00012805       0x88 ./system/src/newlib/_syscalls.o
 .debug_macro   0x0001288d       0x2b ./system/src/newlib/_syscalls.o
 .debug_macro   0x000128b8      0x118 ./system/src/newlib/_syscalls.o
 .debug_macro   0x000129d0      0x189 ./system/src/newlib/_syscalls.o
 .debug_macro   0x00012b59       0x16 ./system/src/newlib/_syscalls.o
 .debug_macro   0x00012b6f      0x1d0 ./system/src/newlib/assert.o
 .debug_macro   0x00012d3f       0x1c ./system/src/newlib/assert.o
 .debug_macro   0x00012d5b      0x1fb ./system/src/diag/Trace.o
 .debug_macro   0x00012f56       0x4c ./system/src/diag/Trace.o
 .debug_macro   0x00012fa2       0x16 ./system/src/diag/Trace.o
 .debug_macro   0x00012fb8      0x52a ./system/src/diag/trace_impl.o
 .debug_macro   0x000134e2       0x22 ./system/src/diag/trace_impl.o
 .debug_macro   0x00013504      0x4ee ./system/src/cortexm/_initialize_hardware.o
 .debug_macro   0x000139f2      0x557 ./system/src/cortexm/exception_handlers.o
 .debug_macro   0x00013f49       0x3b ./system/src/cortexm/exception_handlers.o
 .debug_macro   0x00013f84      0x4ea ./system/src/cmsis/system_stm32f4xx.o
 .debug_macro   0x0001446e       0x34 ./system/src/cmsis/vectors_stm32f401xc.o
 .debug_macro   0x000144a2       0x3f ./src/DAC_program.o
 .debug_macro   0x000144e1       0x22 ./src/DAC_program.o
 .debug_macro   0x00014503       0x22 ./src/DAC_program.o
 .debug_macro   0x00014525       0x6a ./src/DAC_program.o
 .debug_macro   0x0001458f       0x1c ./src/DAC_program.o
 .debug_macro   0x000145ab       0x40 ./src/EXTI_program.o
 .debug_macro   0x000145eb       0x2e ./src/EXTI_program.o
 .debug_macro   0x00014619       0x3f ./src/GPIO_program.o
 .debug_macro   0x00014658       0x46 ./src/GPIO_program.o
 .debug_macro   0x0001469e       0x3e ./src/MRCC_program.o
 .debug_macro   0x000146dc       0xd0 ./src/MRCC_program.o
 .debug_macro   0x000147ac       0x10 ./src/MRCC_program.o
 .debug_macro   0x000147bc       0x46 ./src/MRCC_program.o
 .debug_macro   0x00014802       0x40 ./src/NVIC_program.o
 .debug_macro   0x00014842       0x22 ./src/NVIC_program.o
 .debug_macro   0x00014864       0x7b ./src/SPI_program.o
 .debug_macro   0x000148df       0x9a ./src/SPI_program.o
 .debug_macro   0x00014979       0x16 ./src/SPI_program.o
 .debug_macro   0x0001498f       0x52 ./src/STP_program.o
 .debug_macro   0x000149e1       0x1c ./src/STP_program.o
 .debug_macro   0x000149fd       0x3a ./src/STP_program.o
 .debug_macro   0x00014a37       0x3e ./src/SYSTICK_program.o
 .debug_macro   0x00014a75       0x3a ./src/SYSTICK_program.o
 .debug_macro   0x00014aaf       0x10 ./src/SYSTICK_program.o
 .debug_macro   0x00014abf       0x5b ./src/TFT_Prog.o
 .debug_macro   0x00014b1a       0x16 ./src/TFT_Prog.o
 .debug_macro   0x00014b30       0x10 ./src/TFT_Prog.o
 .debug_macro   0x00014b40       0x3e ./src/Timer2_program.o
 .debug_macro   0x00014b7e       0x1c ./src/Timer2_program.o
 .debug_macro   0x00014b9a       0x16 ./src/Timer2_program.o
 .debug_macro   0x00014bb0       0x3e ./src/Timer3_program.o
 .debug_macro   0x00014bee       0x1c ./src/Timer3_program.o
 .debug_macro   0x00014c0a       0x16 ./src/Timer3_program.o
 .debug_macro   0x00014c20       0x3a ./src/Timer3_program.o
 .debug_macro   0x00014c5a      0x4e4 ./src/_initialize_hardware.o
 .debug_macro   0x0001513e       0xac ./src/main.o
 .debug_macro   0x000151ea       0x10 ./src/main.o
 .debug_macro   0x000151fa       0x10 ./src/main.o
 .debug_macro   0x0001520a      0x4e4 ./src/stm32f4xx_hal_msp.o
